00:00 +0: loading D:/development/StanBlackJack/test/scenarios_test.dart
00:00 +0: Blackjack Scenario Tests Split Aces Scenario
00:02 +1: Blackjack Scenario Tests Insurance Scenario
00:02 +2: Blackjack Scenario Tests 21+3 Side Bet Scenario
00:03 +3: Blackjack Scenario Tests Split 8s Scenario
00:03 +4: Blackjack Scenario Tests Surrender Scenario and Strategy Advice
00:04 +5: Blackjack Scenario Tests Multiple Splits (Limit 4) Scenario
00:04 +6: Blackjack Scenario Tests Strategy Precision Tracking Scenario
00:05 +7: Blackjack Scenario Tests Dealer Bust Scenario
00:05 +8: Blackjack Scenario Tests Push Scenario
══╡ EXCEPTION CAUGHT BY FLUTTER TEST FRAMEWORK ╞════════════════════════════════════════════════════
The following assertion was thrown running a test:
The finder "Found 0 widgets with key [<'btn_stand'>]: []" (used in a call to "tap()") could not find
any matching widgets.

When the exception was thrown, this was the stack:
#0      WidgetController._getElementPoint (package:flutter_test/src/controller.dart:2013:7)
#1      WidgetController.getCenter (package:flutter_test/src/controller.dart:1865:12)
#2      WidgetController.tap (package:flutter_test/src/controller.dart:1045:7)
#3      main.<anonymous closure>.<anonymous closure> (file:///D:/development/StanBlackJack/test/scenarios_test.dart:526:20)
<asynchronous suspension>
#4      testWidgets.<anonymous closure>.<anonymous closure> (package:flutter_test/src/widget_tester.dart:192:15)
<asynchronous suspension>
#5      TestWidgetsFlutterBinding._runTestBody (package:flutter_test/src/binding.dart:1059:5)
<asynchronous suspension>
<asynchronous suspension>
(elided one frame from package:stack_trace)

The test description was:
  Push Scenario
════════════════════════════════════════════════════════════════════════════════════════════════════
00:06 +8 -1: Blackjack Scenario Tests Push Scenario [E]
  Test failed. See exception logs above.
  The test description was: Push Scenario
  
00:06 +8 -1: Blackjack Scenario Tests Player Bust Scenario
══╡ EXCEPTION CAUGHT BY FLUTTER TEST FRAMEWORK ╞════════════════════════════════════════════════════
The following assertion was thrown running a test:
The finder "Found 0 widgets with key [<'btn_hit'>]: []" (used in a call to "tap()") could not find
any matching widgets.

When the exception was thrown, this was the stack:
#0      WidgetController._getElementPoint (package:flutter_test/src/controller.dart:2013:7)
#1      WidgetController.getCenter (package:flutter_test/src/controller.dart:1865:12)
#2      WidgetController.tap (package:flutter_test/src/controller.dart:1045:7)
#3      main.<anonymous closure>.<anonymous closure> (file:///D:/development/StanBlackJack/test/scenarios_test.dart:564:20)
<asynchronous suspension>
#4      testWidgets.<anonymous closure>.<anonymous closure> (package:flutter_test/src/widget_tester.dart:192:15)
<asynchronous suspension>
#5      TestWidgetsFlutterBinding._runTestBody (package:flutter_test/src/binding.dart:1059:5)
<asynchronous suspension>
<asynchronous suspension>
(elided one frame from package:stack_trace)

The test description was:
  Player Bust Scenario
════════════════════════════════════════════════════════════════════════════════════════════════════
00:07 +8 -2: Blackjack Scenario Tests Player Bust Scenario [E]
  Test failed. See exception logs above.
  The test description was: Player Bust Scenario
  
00:07 +8 -2: Blackjack Scenario Tests Blackjack Push Scenario
══╡ EXCEPTION CAUGHT BY FLUTTER TEST FRAMEWORK ╞════════════════════════════════════════════════════
The following TestFailure was thrown running a test:
Expected: exactly one matching candidate
  Actual: _TextWidgetFinder:<Found 0 widgets with text "PUSH": []>
   Which: means none were found but one was expected

When the exception was thrown, this was the stack:
#4      main.<anonymous closure>.<anonymous closure> (file:///D:/development/StanBlackJack/test/scenarios_test.dart:605:7)
<asynchronous suspension>
#5      testWidgets.<anonymous closure>.<anonymous closure> (package:flutter_test/src/widget_tester.dart:192:15)
<asynchronous suspension>
#6      TestWidgetsFlutterBinding._runTestBody (package:flutter_test/src/binding.dart:1059:5)
<asynchronous suspension>
<asynchronous suspension>
(elided one frame from package:stack_trace)

This was caught by the test expectation on the following line:
  file:///D:/development/StanBlackJack/test/scenarios_test.dart line 605
The test description was:
  Blackjack Push Scenario
════════════════════════════════════════════════════════════════════════════════════════════════════
00:07 +8 -3: Blackjack Scenario Tests Blackjack Push Scenario [E]
  Test failed. See exception logs above.
  The test description was: Blackjack Push Scenario
  
00:07 +8 -3: Some tests failed.
